[1/22] Building CXX object CMakeFiles/cybou.dir/cybou_qmltyperegistrations.cpp.obj
[2/22] Building CXX object CMakeFiles/cybou.dir/src/crypto/KeyManager.cpp.obj
[3/22] Building CXX object CMakeFiles/cybou.dir/build/.qt/rcc/qrc_qmake_CybouWallet.cpp.obj
[4/22] Building CXX object CMakeFiles/cybou.dir/src/crypto/SignatureEngine.cpp.obj
FAILED: CMakeFiles/cybou.dir/src/crypto/SignatureEngine.cpp.obj 
C:\Qt\Tools\mingw1310_64\bin\g++.exe -DMINGW_HAS_SECURE_API=1 -DQT_CORE_LIB -DQT_GUI_LIB -DQT_NEEDS_QMAIN -DQT_NETWORK_LIB -DQT_NO_DEBUG -DQT_OPENGL_LIB -DQT_QMLINTEGRATION_LIB -DQT_QMLMETA_LIB -DQT_QMLMODELS_LIB -DQT_QMLWORKERSCRIPT_LIB -DQT_QML_LIB -DQT_QUICKCONTROLS2_LIB -DQT_QUICK_LIB -DUNICODE -DWIN32 -DWIN64 -D_ENABLE_EXTENDED_ALIGNED_STORAGE -D_UNICODE -D_WIN64 -IC:/Users/yosta/Documents/cybou/build/cybou_autogen/include -IC:/Users/yosta/Documents/cybou -isystem C:/Qt/6.10.0/mingw_64/include/QtQml -isystem C:/Qt/6.10.0/mingw_64/include -isystem C:/Qt/6.10.0/mingw_64/include/QtCore -isystem C:/Qt/6.10.0/mingw_64/mkspecs/win32-g++ -isystem C:/Qt/6.10.0/mingw_64/include/QtQmlIntegration -isystem C:/Qt/6.10.0/mingw_64/include/QtNetwork -isystem C:/Qt/6.10.0/mingw_64/include/QtGui -isystem C:/Qt/6.10.0/mingw_64/include/QtQuick -isystem C:/Qt/6.10.0/mingw_64/include/QtQmlMeta -isystem C:/Qt/6.10.0/mingw_64/include/QtQmlModels -isystem C:/Qt/6.10.0/mingw_64/include/QtQmlWorkerScript -isystem C:/Qt/6.10.0/mingw_64/include/QtOpenGL -isystem C:/Qt/6.10.0/mingw_64/include/QtQuickControls2 -isystem C:/msys64/mingw64/include -O3 -DNDEBUG -std=gnu++20 -MD -MT CMakeFiles/cybou.dir/src/crypto/SignatureEngine.cpp.obj -MF CMakeFiles\cybou.dir\src\crypto\SignatureEngine.cpp.obj.d -o CMakeFiles/cybou.dir/src/crypto/SignatureEngine.cpp.obj -c C:/Users/yosta/Documents/cybou/src/crypto/SignatureEngine.cpp
C:/Users/yosta/Documents/cybou/src/crypto/SignatureEngine.cpp: In member function 'QString SignatureEngine::signMessage(const QString&)':
C:/Users/yosta/Documents/cybou/src/crypto/SignatureEngine.cpp:41:39: error: invalid use of incomplete type 'class KeyManager'
   41 |     if (!m_keyManager || !m_keyManager->hasKeys()) {
      |                                       ^~
In file included from C:/Users/yosta/Documents/cybou/src/crypto/SignatureEngine.cpp:9:
C:/Users/yosta/Documents/cybou/src/crypto/SignatureEngine.h:21:7: note: forward declaration of 'class KeyManager'
   21 | class KeyManager;
      |       ^~~~~~~~~~
C:/Users/yosta/Documents/cybou/src/crypto/SignatureEngine.cpp:42:14: error: 'signatureOperationFailed' was not declared in this scope
   42 |         emit signatureOperationFailed("No Dilithium private key available");
      |              ^~~~~~~~~~~~~~~~~~~~~~~~
C:/Users/yosta/Documents/cybou/src/crypto/SignatureEngine.cpp:47:57: error: invalid use of incomplete type 'class KeyManager'
   47 |         const uint8_t *dilithiumSecretKey = m_keyManager->getDilithiumSecretKey();
      |                                                         ^~
C:/Users/yosta/Documents/cybou/src/crypto/SignatureEngine.h:21:7: note: forward declaration of 'class KeyManager'
   21 | class KeyManager;
      |       ^~~~~~~~~~
C:/Users/yosta/Documents/cybou/src/crypto/SignatureEngine.cpp:55:32: error: 'OQS_SIG_ml_dsa_65_length_signature' was not declared in this scope
   55 |         size_t signature_len = OQS_SIG_ml_dsa_65_length_signature;
      |                                ^~~~~~~~~~~~~~~~~~~~~~~~~~~~~~~~~~
C:/Users/yosta/Documents/cybou/src/crypto/SignatureEngine.cpp:56:52: error: 'OQS_MEM_malloc' was not declared in this scope; did you mean '_mm_malloc'?
   56 |         uint8_t *signature = static_cast<uint8_t*>(OQS_MEM_malloc(signature_len));
      |                                                    ^~~~~~~~~~~~~~
      |                                                    _mm_malloc
C:/Users/yosta/Documents/cybou/src/crypto/SignatureEngine.cpp:63:9: error: 'OQS_STATUS' was not declared in this scope
   63 |         OQS_STATUS status = OQS_SIG_ml_dsa_65_sign(
      |         ^~~~~~~~~~
C:/Users/yosta/Documents/cybou/src/crypto/SignatureEngine.cpp:71:13: error: 'status' was not declared in this scope; did you mean 'stat'?
   71 |         if (status != OQS_SUCCESS) {
      |             ^~~~~~
      |             stat
C:/Users/yosta/Documents/cybou/src/crypto/SignatureEngine.cpp:71:23: error: 'OQS_SUCCESS' was not declared in this scope; did you mean 'EXIT_SUCCESS'?
   71 |         if (status != OQS_SUCCESS) {
      |                       ^~~~~~~~~~~
      |                       EXIT_SUCCESS
C:/Users/yosta/Documents/cybou/src/crypto/SignatureEngine.cpp:72:13: error: 'OQS_MEM_secure_free' was not declared in this scope
   72 |             OQS_MEM_secure_free(signature, signature_len);
      |             ^~~~~~~~~~~~~~~~~~~
C:/Users/yosta/Documents/cybou/src/crypto/SignatureEngine.cpp:80:9: error: 'OQS_MEM_secure_free' was not declared in this scope
   80 |         OQS_MEM_secure_free(signature, signature_len);
      |         ^~~~~~~~~~~~~~~~~~~
C:/Users/yosta/Documents/cybou/src/crypto/SignatureEngine.cpp:83:14: error: 'signatureCreated' was not declared in this scope; did you mean 'signatureData'?
   83 |         emit signatureCreated(signatureHex);
      |              ^~~~~~~~~~~~~~~~
      |              signatureData
C:/Users/yosta/Documents/cybou/src/crypto/SignatureEngine.cpp:88:14: error: 'signatureOperationFailed' was not declared in this scope
   88 |         emit signatureOperationFailed(QString("Signing failed: %1").arg(e.what()));
      |              ^~~~~~~~~~~~~~~~~~~~~~~~
C:/Users/yosta/Documents/cybou/src/crypto/SignatureEngine.cpp: In member function 'bool SignatureEngine::verifySignature(const QString&, const QString&, const QString&)':
C:/Users/yosta/Documents/cybou/src/crypto/SignatureEngine.cpp:115:39: error: 'OQS_KEM_kyber_1024_length_public_key' was not declared in this scope
  115 |         const int expectedKeyLength = OQS_KEM_kyber_1024_length_public_key +
      |                                       ^~~~~~~~~~~~~~~~~~~~~~~~~~~~~~~~~~~~
C:/Users/yosta/Documents/cybou/src/crypto/SignatureEngine.cpp:116:38: error: 'OQS_SIG_ml_dsa_65_length_public_key' was not declared in this scope
  116 |                                      OQS_SIG_ml_dsa_65_length_public_key;
      |                                      ^~~~~~~~~~~~~~~~~~~~~~~~~~~~~~~~~~~
C:/Users/yosta/Documents/cybou/src/crypto/SignatureEngine.cpp:132:9: error: 'OQS_STATUS' was not declared in this scope
  132 |         OQS_STATUS status = OQS_SIG_ml_dsa_65_verify(
      |         ^~~~~~~~~~
C:/Users/yosta/Documents/cybou/src/crypto/SignatureEngine.cpp:140:23: error: 'status' was not declared in this scope; did you mean 'stat'?
  140 |         bool valid = (status == OQS_SUCCESS);
      |                       ^~~~~~
      |                       stat
C:/Users/yosta/Documents/cybou/src/crypto/SignatureEngine.cpp:140:33: error: 'OQS_SUCCESS' was not declared in this scope; did you mean 'EXIT_SUCCESS'?
  140 |         bool valid = (status == OQS_SUCCESS);
      |                                 ^~~~~~~~~~~
      |                                 EXIT_SUCCESS
C:/Users/yosta/Documents/cybou/src/crypto/SignatureEngine.cpp:144:18: error: 'signatureVerified' was not declared in this scope
  144 |             emit signatureVerified(true, "ML-DSA-65 signature verified");
      |                  ^~~~~~~~~~~~~~~~~
C:/Users/yosta/Documents/cybou/src/crypto/SignatureEngine.cpp:147:18: error: 'signatureVerified' was not declared in this scope
  147 |             emit signatureVerified(false, "Signature verification failed");
      |                  ^~~~~~~~~~~~~~~~~
C:/Users/yosta/Documents/cybou/src/crypto/SignatureEngine.cpp:154:14: error: 'signatureOperationFailed' was not declared in this scope
  154 |         emit signatureOperationFailed(QString("Verification failed: %1").arg(e.what()));
      |              ^~~~~~~~~~~~~~~~~~~~~~~~
C:/Users/yosta/Documents/cybou/src/crypto/SignatureEngine.cpp: In member function 'QVariantMap SignatureEngine::encapsulateKey(const QString&)':
C:/Users/yosta/Documents/cybou/src/crypto/SignatureEngine.cpp:179:39: error: 'OQS_KEM_kyber_1024_length_public_key' was not declared in this scope
  179 |         const int expectedKeyLength = OQS_KEM_kyber_1024_length_public_key +
      |                                       ^~~~~~~~~~~~~~~~~~~~~~~~~~~~~~~~~~~~
C:/Users/yosta/Documents/cybou/src/crypto/SignatureEngine.cpp:180:38: error: 'OQS_SIG_ml_dsa_65_length_public_key' was not declared in this scope
  180 |                                      OQS_SIG_ml_dsa_65_length_public_key;
      |                                      ^~~~~~~~~~~~~~~~~~~~~~~~~~~~~~~~~~~
C:/Users/yosta/Documents/cybou/src/crypto/SignatureEngine.cpp:193:28: error: 'OQS_KEM_kyber_1024_length_ciphertext' was not declared in this scope
  193 |             OQS_MEM_malloc(OQS_KEM_kyber_1024_length_ciphertext)
      |                            ^~~~~~~~~~~~~~~~~~~~~~~~~~~~~~~~~~~~
C:/Users/yosta/Documents/cybou/src/crypto/SignatureEngine.cpp:193:13: error: 'OQS_MEM_malloc' was not declared in this scope; did you mean '_mm_malloc'?
  193 |             OQS_MEM_malloc(OQS_KEM_kyber_1024_length_ciphertext)
      |             ^~~~~~~~~~~~~~
      |             _mm_malloc
C:/Users/yosta/Documents/cybou/src/crypto/SignatureEngine.cpp:196:28: error: 'OQS_KEM_kyber_1024_length_shared_secret' was not declared in this scope
  196 |             OQS_MEM_malloc(OQS_KEM_kyber_1024_length_shared_secret)
      |                            ^~~~~~~~~~~~~~~~~~~~~~~~~~~~~~~~~~~~~~~
C:/Users/yosta/Documents/cybou/src/crypto/SignatureEngine.cpp:200:13: error: 'OQS_MEM_secure_free' was not declared in this scope
  200 |             OQS_MEM_secure_free(ciphertext, OQS_KEM_kyber_1024_length_ciphertext);
      |             ^~~~~~~~~~~~~~~~~~~
C:/Users/yosta/Documents/cybou/src/crypto/SignatureEngine.cpp:206:9: error: 'OQS_STATUS' was not declared in this scope
  206 |         OQS_STATUS status = OQS_KEM_kyber_1024_encaps(
      |         ^~~~~~~~~~
C:/Users/yosta/Documents/cybou/src/crypto/SignatureEngine.cpp:212:13: error: 'status' was not declared in this scope; did you mean 'stat'?
  212 |         if (status != OQS_SUCCESS) {
      |             ^~~~~~
      |             stat
C:/Users/yosta/Documents/cybou/src/crypto/SignatureEngine.cpp:212:23: error: 'OQS_SUCCESS' was not declared in this scope; did you mean 'EXIT_SUCCESS'?
  212 |         if (status != OQS_SUCCESS) {
      |                       ^~~~~~~~~~~
      |                       EXIT_SUCCESS
C:/Users/yosta/Documents/cybou/src/crypto/SignatureEngine.cpp:213:13: error: 'OQS_MEM_secure_free' was not declared in this scope
  213 |             OQS_MEM_secure_free(ciphertext, OQS_KEM_kyber_1024_length_ciphertext);
      |             ^~~~~~~~~~~~~~~~~~~
C:/Users/yosta/Documents/cybou/src/crypto/SignatureEngine.cpp:231:9: error: 'OQS_MEM_secure_free' was not declared in this scope
  231 |         OQS_MEM_secure_free(ciphertext, OQS_KEM_kyber_1024_length_ciphertext);
      |         ^~~~~~~~~~~~~~~~~~~
C:/Users/yosta/Documents/cybou/src/crypto/SignatureEngine.cpp:235:14: error: 'keyEncapsulated' was not declared in this scope
  235 |         emit keyEncapsulated(result["ciphertext"].toString(), result["sharedSecret"].toString());
      |              ^~~~~~~~~~~~~~~
C:/Users/yosta/Documents/cybou/src/crypto/SignatureEngine.cpp:240:14: error: 'signatureOperationFailed' was not declared in this scope
  240 |         emit signatureOperationFailed(QString("Encapsulation failed: %1").arg(e.what()));
      |              ^~~~~~~~~~~~~~~~~~~~~~~~
C:/Users/yosta/Documents/cybou/src/crypto/SignatureEngine.cpp: At global scope:
C:/Users/yosta/Documents/cybou/src/crypto/SignatureEngine.cpp:257:12: error: no declaration matches 'QByteArray SignatureEngine::decapsulateKey(const QString&)'
  257 | QByteArray SignatureEngine::decapsulateKey(const QString &ciphertextHex)
      |            ^~~~~~~~~~~~~~~
C:/Users/yosta/Documents/cybou/src/crypto/SignatureEngine.h:93:16: note: candidate is: 'QByteArray SignatureEngine::decapsulateKey(const QVariantMap&)'
   93 |     QByteArray decapsulateKey(const QVariantMap &encapsulatedKey);
      |                ^~~~~~~~~~~~~~
C:/Users/yosta/Documents/cybou/src/crypto/SignatureEngine.h:35:7: note: 'class SignatureEngine' defined here
   35 | class SignatureEngine : public QObject
      |       ^~~~~~~~~~~~~~~
C:/Users/yosta/Documents/cybou/src/crypto/SignatureEngine.cpp: In member function 'QString SignatureEngine::generateSharedSecret(const QString&)':
C:/Users/yosta/Documents/cybou/src/crypto/SignatureEngine.cpp:327:43: error: invalid use of incomplete type 'class KeyManager'
  327 |         if (!m_keyManager || !m_keyManager->hasKeys()) {
      |                                           ^~
C:/Users/yosta/Documents/cybou/src/crypto/SignatureEngine.h:21:7: note: forward declaration of 'class KeyManager'
   21 | class KeyManager;
      |       ^~~~~~~~~~
C:/Users/yosta/Documents/cybou/src/crypto/SignatureEngine.cpp:334:39: error: 'OQS_KEM_kyber_1024_length_public_key' was not declared in this scope
  334 |         const int expectedKeyLength = OQS_KEM_kyber_1024_length_public_key +
      |                                       ^~~~~~~~~~~~~~~~~~~~~~~~~~~~~~~~~~~~
C:/Users/yosta/Documents/cybou/src/crypto/SignatureEngine.cpp:335:38: error: 'OQS_SIG_ml_dsa_65_length_public_key' was not declared in this scope
  335 |                                      OQS_SIG_ml_dsa_65_length_public_key;
      |                                      ^~~~~~~~~~~~~~~~~~~~~~~~~~~~~~~~~~~
C:/Users/yosta/Documents/cybou/src/crypto/SignatureEngine.cpp:347:28: error: 'OQS_KEM_kyber_1024_length_ciphertext' was not declared in this scope
  347 |             OQS_MEM_malloc(OQS_KEM_kyber_1024_length_ciphertext)
      |                            ^~~~~~~~~~~~~~~~~~~~~~~~~~~~~~~~~~~~
C:/Users/yosta/Documents/cybou/src/crypto/SignatureEngine.cpp:347:13: error: 'OQS_MEM_malloc' was not declared in this scope; did you mean '_mm_malloc'?
  347 |             OQS_MEM_malloc(OQS_KEM_kyber_1024_length_ciphertext)
      |             ^~~~~~~~~~~~~~
      |             _mm_malloc
C:/Users/yosta/Documents/cybou/src/crypto/SignatureEngine.cpp:350:28: error: 'OQS_KEM_kyber_1024_length_shared_secret' was not declared in this scope
  350 |             OQS_MEM_malloc(OQS_KEM_kyber_1024_length_shared_secret)
      |                            ^~~~~~~~~~~~~~~~~~~~~~~~~~~~~~~~~~~~~~~
C:/Users/yosta/Documents/cybou/src/crypto/SignatureEngine.cpp:354:13: error: 'OQS_MEM_secure_free' was not declared in this scope
  354 |             OQS_MEM_secure_free(ciphertext, OQS_KEM_kyber_1024_length_ciphertext);
      |             ^~~~~~~~~~~~~~~~~~~
C:/Users/yosta/Documents/cybou/src/crypto/SignatureEngine.cpp:360:9: error: 'OQS_STATUS' was not declared in this scope
  360 |         OQS_STATUS status = OQS_KEM_kyber_1024_encaps(
      |         ^~~~~~~~~~
C:/Users/yosta/Documents/cybou/src/crypto/SignatureEngine.cpp:366:13: error: 'status' was not declared in this scope; did you mean 'stat'?
  366 |         if (status != OQS_SUCCESS) {
      |             ^~~~~~
      |             stat
C:/Users/yosta/Documents/cybou/src/crypto/SignatureEngine.cpp:366:23: error: 'OQS_SUCCESS' was not declared in this scope; did you mean 'EXIT_SUCCESS'?
  366 |         if (status != OQS_SUCCESS) {
      |                       ^~~~~~~~~~~
      |                       EXIT_SUCCESS
C:/Users/yosta/Documents/cybou/src/crypto/SignatureEngine.cpp:367:13: error: 'OQS_MEM_secure_free' was not declared in this scope
  367 |             OQS_MEM_secure_free(ciphertext, OQS_KEM_kyber_1024_length_ciphertext);
      |             ^~~~~~~~~~~~~~~~~~~
C:/Users/yosta/Documents/cybou/src/crypto/SignatureEngine.cpp:377:9: error: 'OQS_MEM_secure_free' was not declared in this scope
  377 |         OQS_MEM_secure_free(ciphertext, OQS_KEM_kyber_1024_length_ciphertext);
      |         ^~~~~~~~~~~~~~~~~~~
C:/Users/yosta/Documents/cybou/src/crypto/SignatureEngine.cpp:385:14: error: 'signatureOperationFailed' was not declared in this scope
  385 |         emit signatureOperationFailed(QString("Shared secret generation failed: %1").arg(e.what()));
      |              ^~~~~~~~~~~~~~~~~~~~~~~~
[5/22] Building CXX object CMakeFiles/cybou.dir/src/crypto/EncryptionEngine.cpp.obj
FAILED: CMakeFiles/cybou.dir/src/crypto/EncryptionEngine.cpp.obj 
C:\Qt\Tools\mingw1310_64\bin\g++.exe -DMINGW_HAS_SECURE_API=1 -DQT_CORE_LIB -DQT_GUI_LIB -DQT_NEEDS_QMAIN -DQT_NETWORK_LIB -DQT_NO_DEBUG -DQT_OPENGL_LIB -DQT_QMLINTEGRATION_LIB -DQT_QMLMETA_LIB -DQT_QMLMODELS_LIB -DQT_QMLWORKERSCRIPT_LIB -DQT_QML_LIB -DQT_QUICKCONTROLS2_LIB -DQT_QUICK_LIB -DUNICODE -DWIN32 -DWIN64 -D_ENABLE_EXTENDED_ALIGNED_STORAGE -D_UNICODE -D_WIN64 -IC:/Users/yosta/Documents/cybou/build/cybou_autogen/include -IC:/Users/yosta/Documents/cybou -isystem C:/Qt/6.10.0/mingw_64/include/QtQml -isystem C:/Qt/6.10.0/mingw_64/include -isystem C:/Qt/6.10.0/mingw_64/include/QtCore -isystem C:/Qt/6.10.0/mingw_64/mkspecs/win32-g++ -isystem C:/Qt/6.10.0/mingw_64/include/QtQmlIntegration -isystem C:/Qt/6.10.0/mingw_64/include/QtNetwork -isystem C:/Qt/6.10.0/mingw_64/include/QtGui -isystem C:/Qt/6.10.0/mingw_64/include/QtQuick -isystem C:/Qt/6.10.0/mingw_64/include/QtQmlMeta -isystem C:/Qt/6.10.0/mingw_64/include/QtQmlModels -isystem C:/Qt/6.10.0/mingw_64/include/QtQmlWorkerScript -isystem C:/Qt/6.10.0/mingw_64/include/QtOpenGL -isystem C:/Qt/6.10.0/mingw_64/include/QtQuickControls2 -isystem C:/msys64/mingw64/include -O3 -DNDEBUG -std=gnu++20 -MD -MT CMakeFiles/cybou.dir/src/crypto/EncryptionEngine.cpp.obj -MF CMakeFiles\cybou.dir\src\crypto\EncryptionEngine.cpp.obj.d -o CMakeFiles/cybou.dir/src/crypto/EncryptionEngine.cpp.obj -c C:/Users/yosta/Documents/cybou/src/crypto/EncryptionEngine.cpp
C:/Users/yosta/Documents/cybou/src/crypto/EncryptionEngine.cpp: In member function 'QString EncryptionEngine::encryptText(const QString&)':
C:/Users/yosta/Documents/cybou/src/crypto/EncryptionEngine.cpp:61:14: error: 'encryptionProgress' was not declared in this scope; did you mean 'operationProgress'?
   61 |         emit encryptionProgress(20, "Generating IV...");
      |              ^~~~~~~~~~~~~~~~~~
      |              operationProgress
C:/Users/yosta/Documents/cybou/src/crypto/EncryptionEngine.cpp:89:14: error: 'encryptionCompleted' was not declared in this scope; did you mean 'operationCompleted'?
   89 |         emit encryptionCompleted(true, "Text encrypted successfully");
      |              ^~~~~~~~~~~~~~~~~~~
      |              operationCompleted
C:/Users/yosta/Documents/cybou/src/crypto/EncryptionEngine.cpp:94:14: error: 'encryptionCompleted' was not declared in this scope; did you mean 'operationCompleted'?
   94 |         emit encryptionCompleted(false, QString("Error: %1").arg(e.what()));
      |              ^~~~~~~~~~~~~~~~~~~
      |              operationCompleted
C:/Users/yosta/Documents/cybou/src/crypto/EncryptionEngine.cpp: In member function 'QString EncryptionEngine::decryptText(const QString&)':
C:/Users/yosta/Documents/cybou/src/crypto/EncryptionEngine.cpp:121:14: error: 'decryptionProgress' was not declared in this scope; did you mean 'operationProgress'?
  121 |         emit decryptionProgress(0, "Initializing text decryption...");
      |              ^~~~~~~~~~~~~~~~~~
      |              operationProgress
C:/Users/yosta/Documents/cybou/src/crypto/EncryptionEngine.cpp:138:73: error: no matching function for call to 'KeyManager::generateDeterministicKey(int)'
  138 |         QByteArray symmetricKey = m_keyManager->generateDeterministicKey(32);
      |                                   ~~~~~~~~~~~~~~~~~~~~~~~~~~~~~~~~~~~~~~^~~~
In file included from C:/Users/yosta/Documents/cybou/src/crypto/EncryptionEngine.cpp:11:
C:/Users/yosta/Documents/cybou/src/crypto/KeyManager.h:122:16: note: candidate: 'QByteArray KeyManager::generateDeterministicKey()'
  122 |     QByteArray generateDeterministicKey();
      |                ^~~~~~~~~~~~~~~~~~~~~~~~
C:/Users/yosta/Documents/cybou/src/crypto/KeyManager.h:122:16: note:   candidate expects 0 arguments, 1 provided
C:/Users/yosta/Documents/cybou/src/crypto/EncryptionEngine.cpp:156:14: error: 'decryptionCompleted' was not declared in this scope; did you mean 'operationCompleted'?
  156 |         emit decryptionCompleted(true, "Text decrypted successfully");
      |              ^~~~~~~~~~~~~~~~~~~
      |              operationCompleted
C:/Users/yosta/Documents/cybou/src/crypto/EncryptionEngine.cpp:161:14: error: 'decryptionCompleted' was not declared in this scope; did you mean 'operationCompleted'?
  161 |         emit decryptionCompleted(false, QString("Error: %1").arg(e.what()));
      |              ^~~~~~~~~~~~~~~~~~~
      |              operationCompleted
C:/Users/yosta/Documents/cybou/src/crypto/EncryptionEngine.cpp: In member function 'bool EncryptionEngine::encryptFile(const QString&, const QString&)':
C:/Users/yosta/Documents/cybou/src/crypto/EncryptionEngine.cpp:184:18: error: 'encryptionCompleted' was not declared in this scope; did you mean 'operationCompleted'?
  184 |             emit encryptionCompleted(false, QString("Cannot open input file: %1").arg(inputFilePath));
      |                  ^~~~~~~~~~~~~~~~~~~
      |                  operationCompleted
C:/Users/yosta/Documents/cybou/src/crypto/EncryptionEngine.cpp:196:18: error: 'encryptionCompleted' was not declared in this scope; did you mean 'operationCompleted'?
  196 |             emit encryptionCompleted(false, QString("Cannot open output file: %1").arg(outputFilePath));
      |                  ^~~~~~~~~~~~~~~~~~~
      |                  operationCompleted
C:/Users/yosta/Documents/cybou/src/crypto/EncryptionEngine.cpp:200:14: error: 'fileEncryptionProgress' was not declared in this scope; did you mean 'operationProgress'?
  200 |         emit fileEncryptionProgress(inputFilePath, 0, "Initializing file encryption...");
      |              ^~~~~~~~~~~~~~~~~~~~~~
      |              operationProgress
C:/Users/yosta/Documents/cybou/src/crypto/EncryptionEngine.cpp:217:22: error: 'encryptionCompleted' was not declared in this scope; did you mean 'operationCompleted'?
  217 |                 emit encryptionCompleted(false, "Encryption failed during processing");
      |                      ^~~~~~~~~~~~~~~~~~~
      |                      operationCompleted
C:/Users/yosta/Documents/cybou/src/crypto/EncryptionEngine.cpp:238:14: error: 'encryptionCompleted' was not declared in this scope; did you mean 'operationCompleted'?
  238 |         emit encryptionCompleted(
      |              ^~~~~~~~~~~~~~~~~~~
      |              operationCompleted
C:/Users/yosta/Documents/cybou/src/crypto/EncryptionEngine.cpp:246:14: error: 'encryptionCompleted' was not declared in this scope; did you mean 'operationCompleted'?
  246 |         emit encryptionCompleted(false, QString("Error: %1").arg(e.what()));
      |              ^~~~~~~~~~~~~~~~~~~
      |              operationCompleted
C:/Users/yosta/Documents/cybou/src/crypto/EncryptionEngine.cpp: In member function 'bool EncryptionEngine::decryptFile(const QString&, const QString&)':
C:/Users/yosta/Documents/cybou/src/crypto/EncryptionEngine.cpp:269:18: error: 'decryptionCompleted' was not declared in this scope; did you mean 'operationCompleted'?
  269 |             emit decryptionCompleted(false, QString("Cannot open input file: %1").arg(inputFilePath));
      |                  ^~~~~~~~~~~~~~~~~~~
      |                  operationCompleted
C:/Users/yosta/Documents/cybou/src/crypto/EncryptionEngine.cpp:273:14: error: 'fileDecryptionProgress' was not declared in this scope; did you mean 'operationProgress'?
  273 |         emit fileDecryptionProgress(inputFilePath, 0, "Initializing file decryption...");
      |              ^~~~~~~~~~~~~~~~~~~~~~
      |              operationProgress
C:/Users/yosta/Documents/cybou/src/crypto/EncryptionEngine.cpp:280:18: error: 'decryptionCompleted' was not declared in this scope; did you mean 'operationCompleted'?
  280 |             emit decryptionCompleted(false, "Invalid encrypted file format");
      |                  ^~~~~~~~~~~~~~~~~~~
      |                  operationCompleted
C:/Users/yosta/Documents/cybou/src/crypto/EncryptionEngine.cpp:289:18: error: 'decryptionCompleted' was not declared in this scope; did you mean 'operationCompleted'?
  289 |             emit decryptionCompleted(false, "Decryption failed - invalid file or key");
      |                  ^~~~~~~~~~~~~~~~~~~
      |                  operationCompleted
C:/Users/yosta/Documents/cybou/src/crypto/EncryptionEngine.cpp:298:18: error: 'decryptionCompleted' was not declared in this scope; did you mean 'operationCompleted'?
  298 |             emit decryptionCompleted(false, QString("Cannot open output file: %1").arg(outputFilePath));
      |                  ^~~~~~~~~~~~~~~~~~~
      |                  operationCompleted
C:/Users/yosta/Documents/cybou/src/crypto/EncryptionEngine.cpp:325:14: error: 'decryptionCompleted' was not declared in this scope; did you mean 'operationCompleted'?
  325 |         emit decryptionCompleted(
      |              ^~~~~~~~~~~~~~~~~~~
      |              operationCompleted
C:/Users/yosta/Documents/cybou/src/crypto/EncryptionEngine.cpp:333:14: error: 'decryptionCompleted' was not declared in this scope; did you mean 'operationCompleted'?
  333 |         emit decryptionCompleted(false, QString("Error: %1").arg(e.what()));
      |              ^~~~~~~~~~~~~~~~~~~
      |              operationCompleted
C:/Users/yosta/Documents/cybou/src/crypto/EncryptionEngine.cpp: In member function 'QByteArray EncryptionEngine::encryptBinary(const QByteArray&)':
C:/Users/yosta/Documents/cybou/src/crypto/EncryptionEngine.cpp:355:73: error: no matching function for call to 'KeyManager::generateDeterministicKey(int)'
  355 |         QByteArray symmetricKey = m_keyManager->generateDeterministicKey(32);
      |                                   ~~~~~~~~~~~~~~~~~~~~~~~~~~~~~~~~~~~~~~^~~~
C:/Users/yosta/Documents/cybou/src/crypto/KeyManager.h:122:16: note: candidate: 'QByteArray KeyManager::generateDeterministicKey()'
  122 |     QByteArray generateDeterministicKey();
      |                ^~~~~~~~~~~~~~~~~~~~~~~~
C:/Users/yosta/Documents/cybou/src/crypto/KeyManager.h:122:16: note:   candidate expects 0 arguments, 1 provided
C:/Users/yosta/Documents/cybou/src/crypto/EncryptionEngine.cpp: In member function 'QByteArray EncryptionEngine::decryptBinary(const QByteArray&)':
C:/Users/yosta/Documents/cybou/src/crypto/EncryptionEngine.cpp:408:73: error: no matching function for call to 'KeyManager::generateDeterministicKey(int)'
  408 |         QByteArray symmetricKey = m_keyManager->generateDeterministicKey(32);
      |                                   ~~~~~~~~~~~~~~~~~~~~~~~~~~~~~~~~~~~~~~^~~~
C:/Users/yosta/Documents/cybou/src/crypto/KeyManager.h:122:16: note: candidate: 'QByteArray KeyManager::generateDeterministicKey()'
  122 |     QByteArray generateDeterministicKey();
      |                ^~~~~~~~~~~~~~~~~~~~~~~~
C:/Users/yosta/Documents/cybou/src/crypto/KeyManager.h:122:16: note:   candidate expects 0 arguments, 1 provided
C:/Users/yosta/Documents/cybou/src/crypto/EncryptionEngine.cpp: At global scope:
C:/Users/yosta/Documents/cybou/src/crypto/EncryptionEngine.cpp:433:6: error: no declaration matches 'bool EncryptionEngine::saveEncryptedTextToFile(const QString&, const QString&)'
  433 | bool EncryptionEngine::saveEncryptedTextToFile(const QString &content, const QString &filePath)
      |      ^~~~~~~~~~~~~~~~
C:/Users/yosta/Documents/cybou/src/crypto/EncryptionEngine.cpp:433:6: note: no functions named 'bool EncryptionEngine::saveEncryptedTextToFile(const QString&, const QString&)'
In file included from C:/Users/yosta/Documents/cybou/src/crypto/EncryptionEngine.cpp:10:
C:/Users/yosta/Documents/cybou/src/crypto/EncryptionEngine.h:37:7: note: 'class EncryptionEngine' defined here
   37 | class EncryptionEngine : public QObject
      |       ^~~~~~~~~~~~~~~~
C:/Users/yosta/Documents/cybou/src/crypto/EncryptionEngine.cpp:467:9: error: no declaration matches 'QString EncryptionEngine::loadEncryptedTextFromFile(const QString&)'
  467 | QString EncryptionEngine::loadEncryptedTextFromFile(const QString &filePath)
      |         ^~~~~~~~~~~~~~~~
C:/Users/yosta/Documents/cybou/src/crypto/EncryptionEngine.cpp:467:9: note: no functions named 'QString EncryptionEngine::loadEncryptedTextFromFile(const QString&)'
C:/Users/yosta/Documents/cybou/src/crypto/EncryptionEngine.h:37:7: note: 'class EncryptionEngine' defined here
   37 | class EncryptionEngine : public QObject
      |       ^~~~~~~~~~~~~~~~
[6/22] Building CXX object CMakeFiles/cybou.dir/build/.rcc/qmlcache/cybou_qmlcache_loader.cpp.obj
[7/22] Building CXX object CMakeFiles/cybou.dir/build/.rcc/qmlcache/cybou_qml/Main_qml.cpp.obj
ninja: build stopped: subcommand failed.
